// Jest Snapshot v1, https://goo.gl/fbAQLP

exports[`Table Component should match snapshot 1`] = `
<div>
  <div
    class="relative w-full overflow-auto"
  >
    <table
      class="w-full caption-bottom text-sm"
    >
      <thead
        class="text-lg font-bold"
      >
        <tr
          class="transition-colors hover:bg-muted/50 data-[state=selected]:bg-muted bg-blue-light"
        >
          <td
            class="p-2 align-middle [&:has([role=checkbox])]:pr-0 [&>[role=checkbox]]:translate-y-[2px] py-6 text-center"
          >
            Name(s)
          </td>
          <td
            class="p-2 align-middle [&:has([role=checkbox])]:pr-0 [&>[role=checkbox]]:translate-y-[2px] py-6 text-center"
          >
            Duration(s)
          </td>
          <td
            class="p-2 align-middle [&:has([role=checkbox])]:pr-0 [&>[role=checkbox]]:translate-y-[2px] py-6 text-center"
          >
            Start Date
          </td>
          <td
            class="p-2 align-middle [&:has([role=checkbox])]:pr-0 [&>[role=checkbox]]:translate-y-[2px] py-6 text-center"
          >
            End Date
          </td>
          <td
            class="p-2 align-middle [&:has([role=checkbox])]:pr-0 [&>[role=checkbox]]:translate-y-[2px] py-6 text-center"
          >
            Type
          </td>
          <td
            class="p-2 align-middle [&:has([role=checkbox])]:pr-0 [&>[role=checkbox]]:translate-y-[2px] py-6 text-center"
          >
            Reason(s)
          </td>
        </tr>
      </thead>
      <tbody
        class="[&_tr:last-child]:border-0 text-lg"
      >
        <tr
          class="transition-colors hover:bg-muted/50 data-[state=selected]:bg-muted px-5 bg-white"
        >
          <td
            class="p-2 align-middle [&:has([role=checkbox])]:pr-0 [&>[role=checkbox]]:translate-y-[2px] py-6 text-center"
          >
            John Caster
          </td>
          <td
            class="p-2 align-middle [&:has([role=checkbox])]:pr-0 [&>[role=checkbox]]:translate-y-[2px] py-6 text-center"
          >
            5
          </td>
          <td
            class="p-2 align-middle [&:has([role=checkbox])]:pr-0 [&>[role=checkbox]]:translate-y-[2px] py-6 text-center"
          >
            22/04/2022
          </td>
          <td
            class="p-2 align-middle [&:has([role=checkbox])]:pr-0 [&>[role=checkbox]]:translate-y-[2px] py-6 text-center"
          >
            28/04/2022
          </td>
          <td
            class="p-2 align-middle [&:has([role=checkbox])]:pr-0 [&>[role=checkbox]]:translate-y-[2px] py-6 text-center"
          >
            Sick
          </td>
          <td
            class="p-2 align-middle [&:has([role=checkbox])]:pr-0 [&>[role=checkbox]]:translate-y-[2px] py-6 text-center"
          >
            Personal
          </td>
        </tr>
        <tr
          class="transition-colors hover:bg-muted/50 data-[state=selected]:bg-muted px-5 bg-blue-light"
        >
          <td
            class="p-2 align-middle [&:has([role=checkbox])]:pr-0 [&>[role=checkbox]]:translate-y-[2px] py-6 text-center"
          >
            aman bey
          </td>
          <td
            class="p-2 align-middle [&:has([role=checkbox])]:pr-0 [&>[role=checkbox]]:translate-y-[2px] py-6 text-center"
          >
            7
          </td>
          <td
            class="p-2 align-middle [&:has([role=checkbox])]:pr-0 [&>[role=checkbox]]:translate-y-[2px] py-6 text-center"
          >
            22/04/2022
          </td>
          <td
            class="p-2 align-middle [&:has([role=checkbox])]:pr-0 [&>[role=checkbox]]:translate-y-[2px] py-6 text-center"
          >
            28/04/2022
          </td>
          <td
            class="p-2 align-middle [&:has([role=checkbox])]:pr-0 [&>[role=checkbox]]:translate-y-[2px] py-6 text-center"
          >
            Exam
          </td>
          <td
            class="p-2 align-middle [&:has([role=checkbox])]:pr-0 [&>[role=checkbox]]:translate-y-[2px] py-6 text-center"
          >
            Examination
          </td>
        </tr>
        <tr
          class="transition-colors hover:bg-muted/50 data-[state=selected]:bg-muted px-5 bg-white"
        >
          <td
            class="p-2 align-middle [&:has([role=checkbox])]:pr-0 [&>[role=checkbox]]:translate-y-[2px] py-6 text-center"
          >
            feven Tesfaye
          </td>
          <td
            class="p-2 align-middle [&:has([role=checkbox])]:pr-0 [&>[role=checkbox]]:translate-y-[2px] py-6 text-center"
          >
            120
          </td>
          <td
            class="p-2 align-middle [&:has([role=checkbox])]:pr-0 [&>[role=checkbox]]:translate-y-[2px] py-6 text-center"
          >
            22/04/2022
          </td>
          <td
            class="p-2 align-middle [&:has([role=checkbox])]:pr-0 [&>[role=checkbox]]:translate-y-[2px] py-6 text-center"
          >
            28/04/2022
          </td>
          <td
            class="p-2 align-middle [&:has([role=checkbox])]:pr-0 [&>[role=checkbox]]:translate-y-[2px] py-6 text-center"
          >
            Maternity
          </td>
          <td
            class="p-2 align-middle [&:has([role=checkbox])]:pr-0 [&>[role=checkbox]]:translate-y-[2px] py-6 text-center"
          >
            Child Care
          </td>
        </tr>
      </tbody>
    </table>
  </div>
</div>
`;
