// Jest Snapshot v1, https://goo.gl/fbAQLP

exports[`PersonalForm Component should match snapshot 1`] = `
{
  "asFragment": [Function],
  "baseElement": <body>
    <div>
      <form>
        <div
          class="flex justify-center"
        >
          <div
            class="flex flex-col items-start gap-4"
          >
            <div
              class="space-y-2 w-full"
            >
              <div
                class="relative flex items-center justify-center w-[196px] h-[196px] rounded-full bg-gray-neutral group overflow-hidden"
              >
                <button
                  class="font-productsans inline-flex items-center justify-center whitespace-nowrap text-lg font-bold ring-offset-background transition-all duration-300 ease-in-out outline-none focus-visible:outline-none disabled:opacity-50 disabled:cursor-not-allowed hover:bg-accent hover:text-accent-foreground rounded-full w-full h-full"
                  title="Button Upload Image"
                  type="button"
                >
                  <svg
                    class="lucide lucide-plus text-white"
                    fill="none"
                    height="40"
                    stroke="currentColor"
                    stroke-linecap="round"
                    stroke-linejoin="round"
                    stroke-width="2"
                    viewBox="0 0 24 24"
                    width="40"
                    xmlns="http://www.w3.org/2000/svg"
                  >
                    <path
                      d="M5 12h14"
                    />
                    <path
                      d="M12 5v14"
                    />
                  </svg>
                </button>
                <div
                  class="absolute inset-0 cursor-pointer pointer-events-none bg-black-default/20 opacity-0 group-hover:opacity-100 transition-opacity flex items-center justify-center"
                >
                  <svg
                    class="lucide lucide-plus text-white"
                    fill="none"
                    height="40"
                    stroke="currentColor"
                    stroke-linecap="round"
                    stroke-linejoin="round"
                    stroke-width="2"
                    viewBox="0 0 24 24"
                    width="40"
                    xmlns="http://www.w3.org/2000/svg"
                  >
                    <path
                      d="M5 12h14"
                    />
                    <path
                      d="M12 5v14"
                    />
                  </svg>
                </div>
                <input
                  accept="image/*"
                  autocomplete="off"
                  class="font-productsans w-full px-5 py-4 text-lg text-black-smoky placeholder:text-gray-soft outline-none disabled:cursor-not-allowed disabled:opacity-50 bg-blue-light h-[54px] hidden"
                  data-testid="input-element"
                  title="Upload Image"
                  type="file"
                />
              </div>
            </div>
          </div>
        </div>
        <div
          class="space-y-10 mt-10 rounded-[15px]"
        >
          <div
            class="grid grid-cols-2 gap-5"
          >
            <div
              class="grid w-full gap-2"
            >
              <div
                class="w-full space-y-5"
              >
                <label
                  class="peer-disabled:cursor-not-allowed peer-disabled:opacity-70 text-black-soft text-md"
                  id="First Name-label"
                >
                  First Name
                </label>
                <input
                  aria-describedby=":r1:-form-item-description"
                  aria-invalid="false"
                  aria-labelledby="First Name-label"
                  autocomplete="off"
                  class="font-productsans flex w-full py-4 text-lg text-black-smoky placeholder:text-gray-soft outline-none disabled:cursor-not-allowed disabled:opacity-50 bg-blue-light h-[68px] px-12 rounded-[15px]"
                  data-testid="input-element"
                  id=":r1:-form-item"
                  name="firstName"
                  placeholder="Enter your first name"
                  value=""
                />
              </div>
            </div>
            <div
              class="grid w-full gap-2"
            >
              <div
                class="w-full space-y-5"
              >
                <label
                  class="peer-disabled:cursor-not-allowed peer-disabled:opacity-70 text-black-soft text-md"
                  id="Last Name-label"
                >
                  Last Name
                </label>
                <input
                  aria-describedby=":r2:-form-item-description"
                  aria-invalid="false"
                  aria-labelledby="Last Name-label"
                  autocomplete="off"
                  class="font-productsans flex w-full py-4 text-lg text-black-smoky placeholder:text-gray-soft outline-none disabled:cursor-not-allowed disabled:opacity-50 bg-blue-light h-[68px] px-12 rounded-[15px]"
                  data-testid="input-element"
                  id=":r2:-form-item"
                  name="lastName"
                  placeholder="Enter your last name"
                  value=""
                />
              </div>
            </div>
          </div>
          <div
            class="grid w-full gap-2"
          >
            <div
              class="w-full space-y-5"
            >
              <label
                class="peer-disabled:cursor-not-allowed peer-disabled:opacity-70 text-black-soft text-md"
                id="Department-label"
              >
                Department
              </label>
              <input
                aria-describedby=":r3:-form-item-description"
                aria-invalid="false"
                aria-labelledby="Department-label"
                autocomplete="off"
                class="font-productsans flex w-full py-4 text-lg text-black-smoky placeholder:text-gray-soft outline-none disabled:cursor-not-allowed disabled:opacity-50 bg-blue-light h-[68px] px-12 rounded-[15px]"
                data-testid="input-element"
                id=":r3:-form-item"
                name="department"
                placeholder="Enter your last name"
                value=""
              />
            </div>
          </div>
          <div
            class="space-y-2 w-full"
          >
            <label
              class="peer-disabled:cursor-not-allowed peer-disabled:opacity-70 text-black-soft text-md"
            >
              Job Title
            </label>
            <button
              aria-autocomplete="none"
              aria-controls="radix-:r5:"
              aria-expanded="false"
              aria-label="Select"
              class="font-productsans flex w-full items-center justify-between border border-input py-2 text-lg ring-offset-background data-[placeholder]:text-gray-soft focus:outline-none disabled:cursor-not-allowed disabled:opacity-50 [&>span]:line-clamp-1 bg-blue-light h-[68px] px-12 rounded-[15px]"
              data-disabled=""
              data-placeholder=""
              data-state="closed"
              dir="ltr"
              disabled=""
              role="combobox"
              type="button"
            >
              <span
                style="pointer-events: none;"
              >
                Select your job title
              </span>
              <svg
                aria-hidden="true"
                class="lucide lucide-chevron-down h-4 w-4 opacity-50"
                fill="none"
                height="24"
                stroke="currentColor"
                stroke-linecap="round"
                stroke-linejoin="round"
                stroke-width="2"
                viewBox="0 0 24 24"
                width="24"
                xmlns="http://www.w3.org/2000/svg"
              >
                <path
                  d="m6 9 6 6 6-6"
                />
              </svg>
            </button>
            <select
              aria-hidden="true"
              disabled=""
              name="id"
              style="position: absolute; border: 0px; width: 1px; height: 1px; padding: 0px; margin: -1px; overflow: hidden; clip: rect(0px, 0px, 0px, 0px); white-space: nowrap; word-wrap: normal;"
              tabindex="-1"
            />
          </div>
          <div
            class="space-y-2 w-full"
          >
            <label
              class="peer-disabled:cursor-not-allowed peer-disabled:opacity-70 text-black-soft text-md"
            >
              Job Category
            </label>
            <button
              aria-autocomplete="none"
              aria-controls="radix-:r7:"
              aria-expanded="false"
              aria-label="Select"
              class="font-productsans flex w-full items-center justify-between border border-input py-2 text-lg ring-offset-background data-[placeholder]:text-gray-soft focus:outline-none disabled:cursor-not-allowed disabled:opacity-50 [&>span]:line-clamp-1 bg-blue-light h-[68px] px-12 rounded-[15px]"
              data-placeholder=""
              data-state="closed"
              dir="ltr"
              role="combobox"
              type="button"
            >
              <span
                style="pointer-events: none;"
              >
                Select your job category
              </span>
              <svg
                aria-hidden="true"
                class="lucide lucide-chevron-down h-4 w-4 opacity-50"
                fill="none"
                height="24"
                stroke="currentColor"
                stroke-linecap="round"
                stroke-linejoin="round"
                stroke-width="2"
                viewBox="0 0 24 24"
                width="24"
                xmlns="http://www.w3.org/2000/svg"
              >
                <path
                  d="m6 9 6 6 6-6"
                />
              </svg>
            </button>
            <select
              aria-hidden="true"
              name="jobCategory"
              style="position: absolute; border: 0px; width: 1px; height: 1px; padding: 0px; margin: -1px; overflow: hidden; clip: rect(0px, 0px, 0px, 0px); white-space: nowrap; word-wrap: normal;"
              tabindex="-1"
            >
              <option
                value="Full Time"
              >
                Full Time
              </option>
              <option
                value="Part Time"
              >
                Part Time
              </option>
            </select>
          </div>
          <div
            class="w-full h-[70px]"
          >
            <button
              class="font-productsans inline-flex items-center justify-center whitespace-nowrap rounded-[14px] text-lg font-bold ring-offset-background transition-all duration-300 ease-in-out outline-none focus-visible:outline-none disabled:opacity-50 disabled:cursor-not-allowed text-white disabled:hover:bg-primary h-[70px] py-6 w-[364px] bg-green-primary"
              disabled=""
              type="submit"
            >
              Update
            </button>
          </div>
        </div>
      </form>
    </div>
  </body>,
  "container": <div>
    <form>
      <div
        class="flex justify-center"
      >
        <div
          class="flex flex-col items-start gap-4"
        >
          <div
            class="space-y-2 w-full"
          >
            <div
              class="relative flex items-center justify-center w-[196px] h-[196px] rounded-full bg-gray-neutral group overflow-hidden"
            >
              <button
                class="font-productsans inline-flex items-center justify-center whitespace-nowrap text-lg font-bold ring-offset-background transition-all duration-300 ease-in-out outline-none focus-visible:outline-none disabled:opacity-50 disabled:cursor-not-allowed hover:bg-accent hover:text-accent-foreground rounded-full w-full h-full"
                title="Button Upload Image"
                type="button"
              >
                <svg
                  class="lucide lucide-plus text-white"
                  fill="none"
                  height="40"
                  stroke="currentColor"
                  stroke-linecap="round"
                  stroke-linejoin="round"
                  stroke-width="2"
                  viewBox="0 0 24 24"
                  width="40"
                  xmlns="http://www.w3.org/2000/svg"
                >
                  <path
                    d="M5 12h14"
                  />
                  <path
                    d="M12 5v14"
                  />
                </svg>
              </button>
              <div
                class="absolute inset-0 cursor-pointer pointer-events-none bg-black-default/20 opacity-0 group-hover:opacity-100 transition-opacity flex items-center justify-center"
              >
                <svg
                  class="lucide lucide-plus text-white"
                  fill="none"
                  height="40"
                  stroke="currentColor"
                  stroke-linecap="round"
                  stroke-linejoin="round"
                  stroke-width="2"
                  viewBox="0 0 24 24"
                  width="40"
                  xmlns="http://www.w3.org/2000/svg"
                >
                  <path
                    d="M5 12h14"
                  />
                  <path
                    d="M12 5v14"
                  />
                </svg>
              </div>
              <input
                accept="image/*"
                autocomplete="off"
                class="font-productsans w-full px-5 py-4 text-lg text-black-smoky placeholder:text-gray-soft outline-none disabled:cursor-not-allowed disabled:opacity-50 bg-blue-light h-[54px] hidden"
                data-testid="input-element"
                title="Upload Image"
                type="file"
              />
            </div>
          </div>
        </div>
      </div>
      <div
        class="space-y-10 mt-10 rounded-[15px]"
      >
        <div
          class="grid grid-cols-2 gap-5"
        >
          <div
            class="grid w-full gap-2"
          >
            <div
              class="w-full space-y-5"
            >
              <label
                class="peer-disabled:cursor-not-allowed peer-disabled:opacity-70 text-black-soft text-md"
                id="First Name-label"
              >
                First Name
              </label>
              <input
                aria-describedby=":r1:-form-item-description"
                aria-invalid="false"
                aria-labelledby="First Name-label"
                autocomplete="off"
                class="font-productsans flex w-full py-4 text-lg text-black-smoky placeholder:text-gray-soft outline-none disabled:cursor-not-allowed disabled:opacity-50 bg-blue-light h-[68px] px-12 rounded-[15px]"
                data-testid="input-element"
                id=":r1:-form-item"
                name="firstName"
                placeholder="Enter your first name"
                value=""
              />
            </div>
          </div>
          <div
            class="grid w-full gap-2"
          >
            <div
              class="w-full space-y-5"
            >
              <label
                class="peer-disabled:cursor-not-allowed peer-disabled:opacity-70 text-black-soft text-md"
                id="Last Name-label"
              >
                Last Name
              </label>
              <input
                aria-describedby=":r2:-form-item-description"
                aria-invalid="false"
                aria-labelledby="Last Name-label"
                autocomplete="off"
                class="font-productsans flex w-full py-4 text-lg text-black-smoky placeholder:text-gray-soft outline-none disabled:cursor-not-allowed disabled:opacity-50 bg-blue-light h-[68px] px-12 rounded-[15px]"
                data-testid="input-element"
                id=":r2:-form-item"
                name="lastName"
                placeholder="Enter your last name"
                value=""
              />
            </div>
          </div>
        </div>
        <div
          class="grid w-full gap-2"
        >
          <div
            class="w-full space-y-5"
          >
            <label
              class="peer-disabled:cursor-not-allowed peer-disabled:opacity-70 text-black-soft text-md"
              id="Department-label"
            >
              Department
            </label>
            <input
              aria-describedby=":r3:-form-item-description"
              aria-invalid="false"
              aria-labelledby="Department-label"
              autocomplete="off"
              class="font-productsans flex w-full py-4 text-lg text-black-smoky placeholder:text-gray-soft outline-none disabled:cursor-not-allowed disabled:opacity-50 bg-blue-light h-[68px] px-12 rounded-[15px]"
              data-testid="input-element"
              id=":r3:-form-item"
              name="department"
              placeholder="Enter your last name"
              value=""
            />
          </div>
        </div>
        <div
          class="space-y-2 w-full"
        >
          <label
            class="peer-disabled:cursor-not-allowed peer-disabled:opacity-70 text-black-soft text-md"
          >
            Job Title
          </label>
          <button
            aria-autocomplete="none"
            aria-controls="radix-:r5:"
            aria-expanded="false"
            aria-label="Select"
            class="font-productsans flex w-full items-center justify-between border border-input py-2 text-lg ring-offset-background data-[placeholder]:text-gray-soft focus:outline-none disabled:cursor-not-allowed disabled:opacity-50 [&>span]:line-clamp-1 bg-blue-light h-[68px] px-12 rounded-[15px]"
            data-disabled=""
            data-placeholder=""
            data-state="closed"
            dir="ltr"
            disabled=""
            role="combobox"
            type="button"
          >
            <span
              style="pointer-events: none;"
            >
              Select your job title
            </span>
            <svg
              aria-hidden="true"
              class="lucide lucide-chevron-down h-4 w-4 opacity-50"
              fill="none"
              height="24"
              stroke="currentColor"
              stroke-linecap="round"
              stroke-linejoin="round"
              stroke-width="2"
              viewBox="0 0 24 24"
              width="24"
              xmlns="http://www.w3.org/2000/svg"
            >
              <path
                d="m6 9 6 6 6-6"
              />
            </svg>
          </button>
          <select
            aria-hidden="true"
            disabled=""
            name="id"
            style="position: absolute; border: 0px; width: 1px; height: 1px; padding: 0px; margin: -1px; overflow: hidden; clip: rect(0px, 0px, 0px, 0px); white-space: nowrap; word-wrap: normal;"
            tabindex="-1"
          />
        </div>
        <div
          class="space-y-2 w-full"
        >
          <label
            class="peer-disabled:cursor-not-allowed peer-disabled:opacity-70 text-black-soft text-md"
          >
            Job Category
          </label>
          <button
            aria-autocomplete="none"
            aria-controls="radix-:r7:"
            aria-expanded="false"
            aria-label="Select"
            class="font-productsans flex w-full items-center justify-between border border-input py-2 text-lg ring-offset-background data-[placeholder]:text-gray-soft focus:outline-none disabled:cursor-not-allowed disabled:opacity-50 [&>span]:line-clamp-1 bg-blue-light h-[68px] px-12 rounded-[15px]"
            data-placeholder=""
            data-state="closed"
            dir="ltr"
            role="combobox"
            type="button"
          >
            <span
              style="pointer-events: none;"
            >
              Select your job category
            </span>
            <svg
              aria-hidden="true"
              class="lucide lucide-chevron-down h-4 w-4 opacity-50"
              fill="none"
              height="24"
              stroke="currentColor"
              stroke-linecap="round"
              stroke-linejoin="round"
              stroke-width="2"
              viewBox="0 0 24 24"
              width="24"
              xmlns="http://www.w3.org/2000/svg"
            >
              <path
                d="m6 9 6 6 6-6"
              />
            </svg>
          </button>
          <select
            aria-hidden="true"
            name="jobCategory"
            style="position: absolute; border: 0px; width: 1px; height: 1px; padding: 0px; margin: -1px; overflow: hidden; clip: rect(0px, 0px, 0px, 0px); white-space: nowrap; word-wrap: normal;"
            tabindex="-1"
          >
            <option
              value="Full Time"
            >
              Full Time
            </option>
            <option
              value="Part Time"
            >
              Part Time
            </option>
          </select>
        </div>
        <div
          class="w-full h-[70px]"
        >
          <button
            class="font-productsans inline-flex items-center justify-center whitespace-nowrap rounded-[14px] text-lg font-bold ring-offset-background transition-all duration-300 ease-in-out outline-none focus-visible:outline-none disabled:opacity-50 disabled:cursor-not-allowed text-white disabled:hover:bg-primary h-[70px] py-6 w-[364px] bg-green-primary"
            disabled=""
            type="submit"
          >
            Update
          </button>
        </div>
      </div>
    </form>
  </div>,
  "debug": [Function],
  "findAllByAltText": [Function],
  "findAllByDisplayValue": [Function],
  "findAllByLabelText": [Function],
  "findAllByPlaceholderText": [Function],
  "findAllByRole": [Function],
  "findAllByTestId": [Function],
  "findAllByText": [Function],
  "findAllByTitle": [Function],
  "findByAltText": [Function],
  "findByDisplayValue": [Function],
  "findByLabelText": [Function],
  "findByPlaceholderText": [Function],
  "findByRole": [Function],
  "findByTestId": [Function],
  "findByText": [Function],
  "findByTitle": [Function],
  "getAllByAltText": [Function],
  "getAllByDisplayValue": [Function],
  "getAllByLabelText": [Function],
  "getAllByPlaceholderText": [Function],
  "getAllByRole": [Function],
  "getAllByTestId": [Function],
  "getAllByText": [Function],
  "getAllByTitle": [Function],
  "getByAltText": [Function],
  "getByDisplayValue": [Function],
  "getByLabelText": [Function],
  "getByPlaceholderText": [Function],
  "getByRole": [Function],
  "getByTestId": [Function],
  "getByText": [Function],
  "getByTitle": [Function],
  "queryAllByAltText": [Function],
  "queryAllByDisplayValue": [Function],
  "queryAllByLabelText": [Function],
  "queryAllByPlaceholderText": [Function],
  "queryAllByRole": [Function],
  "queryAllByTestId": [Function],
  "queryAllByText": [Function],
  "queryAllByTitle": [Function],
  "queryByAltText": [Function],
  "queryByDisplayValue": [Function],
  "queryByLabelText": [Function],
  "queryByPlaceholderText": [Function],
  "queryByRole": [Function],
  "queryByTestId": [Function],
  "queryByText": [Function],
  "queryByTitle": [Function],
  "rerender": [Function],
  "unmount": [Function],
}
`;
