// Jest Snapshot v1, https://goo.gl/fbAQLP

exports[`LeaveTile component should match snapshot 1`] = `
<DocumentFragment>
  <div
    class="flex items-center gap-12 w-full h-[182px] px-5 py-6 rounded-[16px] bg-primary"
  >
    <div
      class="flex items-center justify-center w-[135px] h-[135px] rounded-full bg-white"
    >
      <span
        class="text-primary text-[70px]"
      >
        60
      </span>
    </div>
    <div
      class="flex flex-col items-center gap-3"
    >
      <span
        class="text-xl font-bold text-white"
      >
        Annual Leave
      </span>
      <button
        class="font-productsans inline-flex items-center justify-center whitespace-nowrap text-lg font-bold ring-offset-background transition-all duration-300 ease-in-out outline-none focus-visible:outline-none disabled:opacity-50 disabled:cursor-not-allowed h-10 rounded-[23px] bg-secondary hover:bg-secondary/90 text-black-default px-[72px] py-2"
      >
        Apply
      </button>
    </div>
  </div>
</DocumentFragment>
`;
