// Jest Snapshot v1, https://goo.gl/fbAQLP

exports[`FilterMenu component should match snapshot 1`] = `
<DocumentFragment>
  <button
    aria-controls="radix-:r0:"
    aria-expanded="false"
    aria-haspopup="dialog"
    class=""
    data-state="closed"
    type="button"
  />
  <button
    class="font-productsans inline-flex items-center justify-center whitespace-nowrap text-lg font-bold ring-offset-background transition-all duration-300 ease-in-out outline-none focus-visible:outline-none disabled:opacity-50 disabled:cursor-not-allowed hover:bg-accent hover:text-accent-foreground h-10 w-10 rounded-full p-2"
  >
    <svg
      fill="none"
      height="25"
      viewBox="0 0 31 25"
      width="31"
      xmlns="http://www.w3.org/2000/svg"
    >
      <g
        clip-path="url(#a)"
      >
        <path
          d="M29.545 0H1.455C.165 0-.487 1.263.427 2l11.198 9.032v10.062c0 .382.231.74.62.96l4.844 2.733c.955.54 2.286-.007 2.286-.96V11.032l11.198-9.031C31.486 1.264 30.839 0 29.545 0"
          fill="#1A1A1A"
        />
      </g>
      <defs>
        <clippath
          id="a"
        >
          <path
            d="M0 0h31v25H0z"
            fill="#fff"
          />
        </clippath>
      </defs>
    </svg>
  </button>
</DocumentFragment>
`;
