// Jest Snapshot v1, https://goo.gl/fbAQLP

exports[`Status Component should match snapshot 1`] = `
<div>
  <div
    class="flex items-center w-28 justify-center gap-1 px-2.5 py-1 rounded-full border text-white bg-gray-500"
  >
    <span
      class="text-base font-bold capitalize"
    >
      Pending
    </span>
  </div>
</div>
`;
