// Jest Snapshot v1, https://goo.gl/fbAQLP

exports[`OverviewCard component should match snapshot 1`] = `
<DocumentFragment>
  <div
    class="h-[470px] p-10 rounded-regular bg-white"
  >
    <div
      class="flex items-center justify-between mb-6"
    >
      <span
        class="text-2xl font-bold"
      >
        Available Leave Days
      </span>
      <button
        aria-label="More options"
      >
        <svg
          fill="none"
          height="27"
          width="31"
          xmlns="http://www.w3.org/2000/svg"
        >
          <path
            d="M15.5 9.703c2.41 0 4.36 1.698 4.36 3.797s-1.95 3.797-4.36 3.797-4.36-1.698-4.36-3.797 1.95-3.797 4.36-3.797ZM11.14 4.22c0 2.099 1.95 3.797 4.36 3.797s4.36-1.698 4.36-3.797c0-2.1-1.95-3.797-4.36-3.797s-4.36 1.698-4.36 3.797Zm0 18.562c0 2.1 1.95 3.797 4.36 3.797s4.36-1.698 4.36-3.797-1.95-3.797-4.36-3.797-4.36 1.698-4.36 3.797Z"
            fill="#000"
          />
        </svg>
      </button>
    </div>
    <p>
      Lorem ipsum dolor sit amet consectetur adipisicing elit. Qui ipsum unde perspiciatis! Dicta officia veritatis eos expedita iste harum ea excepturi delectus iusto blanditiis autem voluptatibus minus commodi, repudiandae vero?
    </p>
  </div>
</DocumentFragment>
`;
