// Jest Snapshot v1, https://goo.gl/fbAQLP

exports[`Button component should match snapshot 1`] = `
<DocumentFragment>
  <button
    class="font-productsans inline-flex items-center justify-center whitespace-nowrap rounded-[14px] text-lg font-bold ring-offset-background transition-all duration-300 ease-in-out outline-none focus-visible:outline-none disabled:opacity-50 disabled:cursor-not-allowed bg-primary text-white hover:bg-primary/90 disabled:hover:bg-primary h-[70px] py-6"
  >
    Snapshot Button
  </button>
</DocumentFragment>
`;
